[0.021s] Invoking command in '/home/malik/Projects/ilumo_ws/build/sensor_interfaces': CMAKE_PREFIX_PATH=/opt/ros/humble /usr/bin/cmake /home/malik/Projects/ilumo_ws/src/sensor_interfaces -DCMAKE_INSTALL_PREFIX=/home/malik/Projects/ilumo_ws/install/sensor_interfaces
[1.147s] -- The C compiler identification is GNU 11.4.0
[1.610s] -- The CXX compiler identification is GNU 11.4.0
[1.619s] -- Detecting C compiler ABI info
[1.810s] -- Detecting C compiler ABI info - done
[1.817s] -- Check for working C compiler: /usr/bin/cc - skipped
[1.818s] -- Detecting C compile features
[1.827s] -- Detecting C compile features - done
[1.831s] -- Detecting CXX compiler ABI info
[1.914s] -- Detecting CXX compiler ABI info - done
[1.921s] -- Check for working CXX compiler: /usr/bin/c++ - skipped
[1.921s] -- Detecting CXX compile features
[1.921s] -- Detecting CXX compile features - done
[1.995s] -- Found ament_cmake: 1.3.10 (/opt/ros/humble/share/ament_cmake/cmake)
[2.171s] -- Found Python3: /usr/bin/python3 (found version "3.10.12") found components: Interpreter 
[2.336s] -- Found ament_lint_auto: 0.12.11 (/opt/ros/humble/share/ament_lint_auto/cmake)
[2.470s] -- Added test 'lint_cmake' to check CMake code style
[2.471s] -- Added test 'xmllint' to check XML markup files
[2.473s] -- Configuring done
[2.475s] -- Generating done
[2.475s] -- Build files have been written to: /home/malik/Projects/ilumo_ws/build/sensor_interfaces
[2.479s] Invoked command in '/home/malik/Projects/ilumo_ws/build/sensor_interfaces' returned '0': CMAKE_PREFIX_PATH=/opt/ros/humble /usr/bin/cmake /home/malik/Projects/ilumo_ws/src/sensor_interfaces -DCMAKE_INSTALL_PREFIX=/home/malik/Projects/ilumo_ws/install/sensor_interfaces
[2.481s] Invoking command in '/home/malik/Projects/ilumo_ws/build/sensor_interfaces': CMAKE_PREFIX_PATH=/opt/ros/humble /usr/bin/cmake --build /home/malik/Projects/ilumo_ws/build/sensor_interfaces -- -j24 -l24
[2.510s] Invoked command in '/home/malik/Projects/ilumo_ws/build/sensor_interfaces' returned '0': CMAKE_PREFIX_PATH=/opt/ros/humble /usr/bin/cmake --build /home/malik/Projects/ilumo_ws/build/sensor_interfaces -- -j24 -l24
[2.532s] Invoking command in '/home/malik/Projects/ilumo_ws/build/sensor_interfaces': CMAKE_PREFIX_PATH=/opt/ros/humble /usr/bin/cmake --install /home/malik/Projects/ilumo_ws/build/sensor_interfaces
[2.537s] -- Install configuration: ""
[2.537s] -- Installing: /home/malik/Projects/ilumo_ws/install/sensor_interfaces/share/ament_index/resource_index/package_run_dependencies/sensor_interfaces
[2.537s] -- Installing: /home/malik/Projects/ilumo_ws/install/sensor_interfaces/share/ament_index/resource_index/parent_prefix_path/sensor_interfaces
[2.538s] -- Installing: /home/malik/Projects/ilumo_ws/install/sensor_interfaces/share/sensor_interfaces/environment/ament_prefix_path.sh
[2.538s] -- Installing: /home/malik/Projects/ilumo_ws/install/sensor_interfaces/share/sensor_interfaces/environment/ament_prefix_path.dsv
[2.538s] -- Installing: /home/malik/Projects/ilumo_ws/install/sensor_interfaces/share/sensor_interfaces/environment/path.sh
[2.538s] -- Installing: /home/malik/Projects/ilumo_ws/install/sensor_interfaces/share/sensor_interfaces/environment/path.dsv
[2.538s] -- Installing: /home/malik/Projects/ilumo_ws/install/sensor_interfaces/share/sensor_interfaces/local_setup.bash
[2.538s] -- Installing: /home/malik/Projects/ilumo_ws/install/sensor_interfaces/share/sensor_interfaces/local_setup.sh
[2.538s] -- Installing: /home/malik/Projects/ilumo_ws/install/sensor_interfaces/share/sensor_interfaces/local_setup.zsh
[2.538s] -- Installing: /home/malik/Projects/ilumo_ws/install/sensor_interfaces/share/sensor_interfaces/local_setup.dsv
[2.538s] -- Installing: /home/malik/Projects/ilumo_ws/install/sensor_interfaces/share/sensor_interfaces/package.dsv
[2.539s] -- Installing: /home/malik/Projects/ilumo_ws/install/sensor_interfaces/share/ament_index/resource_index/packages/sensor_interfaces
[2.539s] -- Installing: /home/malik/Projects/ilumo_ws/install/sensor_interfaces/share/sensor_interfaces/cmake/sensor_interfacesConfig.cmake
[2.539s] -- Installing: /home/malik/Projects/ilumo_ws/install/sensor_interfaces/share/sensor_interfaces/cmake/sensor_interfacesConfig-version.cmake
[2.539s] -- Installing: /home/malik/Projects/ilumo_ws/install/sensor_interfaces/share/sensor_interfaces/package.xml
[2.540s] Invoked command in '/home/malik/Projects/ilumo_ws/build/sensor_interfaces' returned '0': CMAKE_PREFIX_PATH=/opt/ros/humble /usr/bin/cmake --install /home/malik/Projects/ilumo_ws/build/sensor_interfaces
